[2023-12-29 15:11:47,896: INFO/MainProcess] Task get_position[cc654fdd-9e3c-4f86-86bb-b55c7aa358bd] received
[2023-12-29 15:11:47,901: INFO/MainProcess] Task update_pnl[dcd1c997-d569-4041-8825-9c2ba6276a31] received
[2023-12-29 15:11:47,995: INFO/ForkPoolWorker-1] Task update_pnl[dcd1c997-d569-4041-8825-9c2ba6276a31] succeeded in 0.09351596700000187s: None
[2023-12-29 15:11:56,577: INFO/ForkPoolWorker-128] Task get_position[cc654fdd-9e3c-4f86-86bb-b55c7aa358bd] succeeded in 8.675116963999997s: None
[2023-12-29 15:12:47,897: INFO/MainProcess] Task get_position[758369c5-9d55-42cf-b1f4-5348b3ab434d] received
[2023-12-29 15:12:47,901: INFO/MainProcess] Task update_pnl[6f658c11-a387-49cb-ae4d-f0f470a867e5] received
[2023-12-29 15:12:47,977: INFO/ForkPoolWorker-1] Task update_pnl[6f658c11-a387-49cb-ae4d-f0f470a867e5] succeeded in 0.07559522600001856s: None
[2023-12-29 15:12:55,876: INFO/ForkPoolWorker-128] Task get_position[758369c5-9d55-42cf-b1f4-5348b3ab434d] succeeded in 7.975037759999992s: None

worker: Warm shutdown (MainProcess)
[2023-12-29 15:14:15,616: INFO/MainProcess] Connected to redis://127.0.0.1:6379/14
[2023-12-29 15:14:15,620: INFO/MainProcess] mingle: searching for neighbors
[2023-12-29 15:14:16,627: INFO/MainProcess] mingle: all alone
[2023-12-29 15:14:16,650: INFO/MainProcess] celery@mac ready.
[2023-12-29 15:14:16,663: INFO/MainProcess] Task get_position[2c89121d-568c-47e7-af07-5576ae9c8053] received
[2023-12-29 15:14:16,666: INFO/MainProcess] Task update_pnl[2e426f10-cffc-43b9-a46d-d14acf982176] received
[2023-12-29 15:14:16,755: INFO/ForkPoolWorker-1] Task update_pnl[2e426f10-cffc-43b9-a46d-d14acf982176] succeeded in 0.08737855200000055s: None
[2023-12-29 15:14:19,924: INFO/MainProcess] Events of group {task} enabled by remote.
[2023-12-29 15:14:24,840: INFO/ForkPoolWorker-128] Task get_position[2c89121d-568c-47e7-af07-5576ae9c8053] succeeded in 8.164343878s: None
[2023-12-29 15:14:37,277: INFO/MainProcess] Task get_balance[f0877c92-04e7-451d-885b-2d5ecb25eea6] received
[2023-12-29 15:14:42,276: INFO/ForkPoolWorker-128] Task get_balance[f0877c92-04e7-451d-885b-2d5ecb25eea6] succeeded in 4.996476728999994s: None
[2023-12-29 15:14:59,962: INFO/MainProcess] Task get_position[a45c4e03-1e4d-449b-ad77-5345505eac97] received
[2023-12-29 15:14:59,969: INFO/MainProcess] Task update_pnl[7a97b4bc-5a7c-41e6-af12-25dac964a9fa] received
[2023-12-29 15:15:00,050: INFO/ForkPoolWorker-1] Task update_pnl[7a97b4bc-5a7c-41e6-af12-25dac964a9fa] succeeded in 0.07794370599999922s: None
[2023-12-29 15:15:07,318: INFO/ForkPoolWorker-128] Task get_position[a45c4e03-1e4d-449b-ad77-5345505eac97] succeeded in 7.3533808859999965s: None
[2023-12-29 15:15:59,963: INFO/MainProcess] Task get_position[7590fa72-a9dc-4607-a88d-54ead6eb913e] received
[2023-12-29 15:15:59,970: INFO/MainProcess] Task update_pnl[78135c38-3eb1-4af1-9e7f-f9a1d92e8524] received
[2023-12-29 15:16:00,048: INFO/ForkPoolWorker-1] Task update_pnl[78135c38-3eb1-4af1-9e7f-f9a1d92e8524] succeeded in 0.07549330200001236s: None
[2023-12-29 15:16:08,346: INFO/ForkPoolWorker-128] Task get_position[7590fa72-a9dc-4607-a88d-54ead6eb913e] succeeded in 8.380483549000004s: None
[2023-12-29 15:16:59,963: INFO/MainProcess] Task get_position[f2ae678b-335a-46b4-8127-f0ff82ae7e83] received
[2023-12-29 15:16:59,969: INFO/MainProcess] Task update_pnl[14f4554c-beee-45d9-b3f0-25b86928120f] received
[2023-12-29 15:17:00,051: INFO/ForkPoolWorker-1] Task update_pnl[14f4554c-beee-45d9-b3f0-25b86928120f] succeeded in 0.07968540499999222s: None
[2023-12-29 15:17:08,887: INFO/ForkPoolWorker-128] Task get_position[f2ae678b-335a-46b4-8127-f0ff82ae7e83] succeeded in 8.921558793000003s: None
[2023-12-29 15:17:59,962: INFO/MainProcess] Task get_position[d3e94bf8-031f-495a-9735-60f12e8aa1b2] received
[2023-12-29 15:17:59,969: INFO/MainProcess] Task update_pnl[c4ec60de-9614-4569-beef-abfaf8c07489] received
[2023-12-29 15:18:00,048: INFO/ForkPoolWorker-1] Task update_pnl[c4ec60de-9614-4569-beef-abfaf8c07489] succeeded in 0.07644952100000069s: None
[2023-12-29 15:18:09,773: INFO/ForkPoolWorker-128] Task get_position[d3e94bf8-031f-495a-9735-60f12e8aa1b2] succeeded in 9.808291273000009s: None
[2023-12-29 15:18:59,963: INFO/MainProcess] Task get_position[1c36686a-60e2-4f97-9d50-fde471115563] received
[2023-12-29 15:18:59,970: INFO/MainProcess] Task update_pnl[23e5d815-461c-4a62-a2a5-be38d06eb441] received
[2023-12-29 15:19:00,049: INFO/ForkPoolWorker-1] Task update_pnl[23e5d815-461c-4a62-a2a5-be38d06eb441] succeeded in 0.07718070099997476s: None
[2023-12-29 15:19:08,728: INFO/ForkPoolWorker-128] Task get_position[1c36686a-60e2-4f97-9d50-fde471115563] succeeded in 8.762673313999983s: None
[2023-12-29 15:19:37,277: INFO/MainProcess] Task get_balance[f4696e7e-7f74-4790-9883-ca34861e3517] received
[2023-12-29 15:19:42,185: INFO/ForkPoolWorker-128] Task get_balance[f4696e7e-7f74-4790-9883-ca34861e3517] succeeded in 4.905130966999991s: None
[2023-12-29 15:19:59,962: INFO/MainProcess] Task get_position[79a03a68-150d-42bc-8607-1b76590a495c] received
[2023-12-29 15:19:59,969: INFO/MainProcess] Task update_pnl[e12e187a-a87f-416c-a6be-df5fe36ff560] received
[2023-12-29 15:20:00,056: INFO/ForkPoolWorker-1] Task update_pnl[e12e187a-a87f-416c-a6be-df5fe36ff560] succeeded in 0.08389963999997008s: None
[2023-12-29 15:20:08,859: INFO/ForkPoolWorker-128] Task get_position[79a03a68-150d-42bc-8607-1b76590a495c] succeeded in 8.893540052999981s: None
[2023-12-29 15:20:59,962: INFO/MainProcess] Task get_position[421b7552-7681-423f-a910-c81db003b75f] received
[2023-12-29 15:20:59,969: INFO/MainProcess] Task update_pnl[029ae41b-9ef9-4174-af1c-9c311369cce2] received
[2023-12-29 15:21:00,053: INFO/ForkPoolWorker-1] Task update_pnl[029ae41b-9ef9-4174-af1c-9c311369cce2] succeeded in 0.08084362300002113s: None
[2023-12-29 15:21:08,085: INFO/ForkPoolWorker-128] Task get_position[421b7552-7681-423f-a910-c81db003b75f] succeeded in 8.120543599999962s: None
[2023-12-29 15:21:59,963: INFO/MainProcess] Task get_position[e2f753fa-6e9b-4ac3-b515-c4900526539c] received
[2023-12-29 15:21:59,970: INFO/MainProcess] Task update_pnl[8a09d93e-483c-4e07-a06b-7922c4465ec6] received
[2023-12-29 15:22:00,053: INFO/ForkPoolWorker-1] Task update_pnl[8a09d93e-483c-4e07-a06b-7922c4465ec6] succeeded in 0.07994210999999041s: None
[2023-12-29 15:22:08,919: INFO/ForkPoolWorker-128] Task get_position[e2f753fa-6e9b-4ac3-b515-c4900526539c] succeeded in 8.95426945500003s: None
[2023-12-29 15:22:59,962: INFO/MainProcess] Task get_position[dd01f6ef-4788-49b9-9481-fe48f5961d79] received
[2023-12-29 15:22:59,970: INFO/MainProcess] Task update_pnl[5233046a-f6b7-461d-8577-300861828ea9] received
[2023-12-29 15:23:00,072: INFO/ForkPoolWorker-1] Task update_pnl[5233046a-f6b7-461d-8577-300861828ea9] succeeded in 0.09925842500001636s: None
[2023-12-29 15:23:08,262: INFO/ForkPoolWorker-128] Task get_position[dd01f6ef-4788-49b9-9481-fe48f5961d79] succeeded in 8.296518417000016s: None
[2023-12-29 15:23:59,963: INFO/MainProcess] Task get_position[6ccb4ec3-9b9c-4351-b3b1-7d5e83029cd2] received
[2023-12-29 15:24:00,026: INFO/MainProcess] Task update_pnl[f4554b83-542d-4346-9708-0ba9b2d110ad] received
[2023-12-29 15:24:00,278: INFO/ForkPoolWorker-1] Task update_pnl[f4554b83-542d-4346-9708-0ba9b2d110ad] succeeded in 0.25123652599995694s: None
[2023-12-29 15:24:08,680: INFO/ForkPoolWorker-128] Task get_position[6ccb4ec3-9b9c-4351-b3b1-7d5e83029cd2] succeeded in 8.653320790999942s: None
[2023-12-29 15:24:37,278: INFO/MainProcess] Task get_balance[db42900a-c8f3-401e-84f9-e44dcd515f37] received
[2023-12-29 15:24:42,478: INFO/ForkPoolWorker-128] Task get_balance[db42900a-c8f3-401e-84f9-e44dcd515f37] succeeded in 5.197572593000018s: None
[2023-12-29 15:24:59,962: INFO/MainProcess] Task get_position[5a2a75e7-57d2-4416-a32b-4b263c9362b1] received
[2023-12-29 15:24:59,970: INFO/MainProcess] Task update_pnl[0c30d1c7-912f-46d3-9e5f-cc5d0d9655fa] received
[2023-12-29 15:25:00,053: INFO/ForkPoolWorker-1] Task update_pnl[0c30d1c7-912f-46d3-9e5f-cc5d0d9655fa] succeeded in 0.08109986599993135s: None
[2023-12-29 15:25:08,451: INFO/ForkPoolWorker-128] Task get_position[5a2a75e7-57d2-4416-a32b-4b263c9362b1] succeeded in 8.485529184000029s: None
[2023-12-29 15:25:59,963: INFO/MainProcess] Task get_position[c7d6f60e-d4e1-49f0-8b87-595a91eb54f7] received
[2023-12-29 15:25:59,970: INFO/MainProcess] Task update_pnl[49acb82f-6cc7-4dc4-a17c-53610b5816ea] received
[2023-12-29 15:26:00,055: INFO/ForkPoolWorker-1] Task update_pnl[49acb82f-6cc7-4dc4-a17c-53610b5816ea] succeeded in 0.08291107000002285s: None
[2023-12-29 15:26:08,785: INFO/ForkPoolWorker-128] Task get_position[c7d6f60e-d4e1-49f0-8b87-595a91eb54f7] succeeded in 8.815748552999935s: None
[2023-12-29 15:26:59,967: INFO/MainProcess] Task get_position[8438a9f4-98f2-4a59-9064-449a3e3bbff8] received
[2023-12-29 15:26:59,972: INFO/MainProcess] Task update_pnl[63cfa2bb-c027-4ef0-9c1d-29e2d0d65fe3] received
[2023-12-29 15:27:00,072: INFO/ForkPoolWorker-1] Task update_pnl[63cfa2bb-c027-4ef0-9c1d-29e2d0d65fe3] succeeded in 0.09654819500008216s: None
[2023-12-29 15:27:08,415: INFO/ForkPoolWorker-128] Task get_position[8438a9f4-98f2-4a59-9064-449a3e3bbff8] succeeded in 8.445859761000065s: None
[2023-12-29 15:27:59,967: INFO/MainProcess] Task get_position[b23fc530-80d4-4e56-9f3b-d61ae967da51] received
[2023-12-29 15:27:59,972: INFO/MainProcess] Task update_pnl[5b7d834d-9061-491c-ae5c-f6dee17c49f5] received
[2023-12-29 15:28:00,065: INFO/ForkPoolWorker-1] Task update_pnl[5b7d834d-9061-491c-ae5c-f6dee17c49f5] succeeded in 0.09023363500000414s: None
[2023-12-29 15:28:08,916: INFO/ForkPoolWorker-128] Task get_position[b23fc530-80d4-4e56-9f3b-d61ae967da51] succeeded in 8.94642276500008s: None
[2023-12-29 15:28:59,968: INFO/MainProcess] Task get_position[3c465e51-0fd0-41d4-a2a9-123f69ddcd5b] received
[2023-12-29 15:28:59,971: INFO/MainProcess] Task update_pnl[e151c1e0-d2c8-44d3-866a-1f74e4766cad] received
[2023-12-29 15:29:00,066: INFO/ForkPoolWorker-1] Task update_pnl[e151c1e0-d2c8-44d3-866a-1f74e4766cad] succeeded in 0.09441514900004222s: None
[2023-12-29 15:29:08,530: INFO/ForkPoolWorker-128] Task get_position[3c465e51-0fd0-41d4-a2a9-123f69ddcd5b] succeeded in 8.558132488999945s: None
[2023-12-29 15:29:37,278: INFO/MainProcess] Task get_balance[b5e3223f-b84f-49a6-91a2-1105e43f2a71] received
[2023-12-29 15:29:41,579: INFO/ForkPoolWorker-128] Task get_balance[b5e3223f-b84f-49a6-91a2-1105e43f2a71] succeeded in 4.299165390999974s: None
[2023-12-29 15:29:59,967: INFO/MainProcess] Task get_position[25080b53-471d-43f3-9ef8-d779d72c8e2b] received
[2023-12-29 15:29:59,972: INFO/MainProcess] Task update_pnl[0381b403-6334-425a-b49c-d41af600fcfb] received
[2023-12-29 15:30:00,066: INFO/ForkPoolWorker-1] Task update_pnl[0381b403-6334-425a-b49c-d41af600fcfb] succeeded in 0.0923547579999422s: None
[2023-12-29 15:30:08,817: INFO/ForkPoolWorker-128] Task get_position[25080b53-471d-43f3-9ef8-d779d72c8e2b] succeeded in 8.847194889999969s: None
[2023-12-29 15:30:59,968: INFO/MainProcess] Task get_position[b87fc4ff-eb29-4757-9c3f-41030ad29419] received
[2023-12-29 15:30:59,971: INFO/MainProcess] Task update_pnl[6c8db70c-c1c0-49a9-9210-7c76abd278bd] received
[2023-12-29 15:31:00,066: INFO/ForkPoolWorker-1] Task update_pnl[6c8db70c-c1c0-49a9-9210-7c76abd278bd] succeeded in 0.09528222300002653s: None
[2023-12-29 15:31:09,066: INFO/ForkPoolWorker-128] Task get_position[b87fc4ff-eb29-4757-9c3f-41030ad29419] succeeded in 9.095265144999985s: None
[2023-12-29 15:31:59,968: INFO/MainProcess] Task get_position[710fecbb-3d5c-4807-a90d-975b657ccd49] received
[2023-12-29 15:31:59,970: INFO/MainProcess] Task update_pnl[0d93e34a-76be-431a-ae7e-c2c803da5c3e] received
[2023-12-29 15:32:00,067: INFO/ForkPoolWorker-1] Task update_pnl[0d93e34a-76be-431a-ae7e-c2c803da5c3e] succeeded in 0.09615780300009646s: None
[2023-12-29 15:32:08,017: INFO/ForkPoolWorker-128] Task get_position[710fecbb-3d5c-4807-a90d-975b657ccd49] succeeded in 8.046036834000006s: None
[2023-12-29 15:32:59,969: INFO/MainProcess] Task get_position[e56bc942-91a2-4fba-9a34-0e599d4fe9f6] received
[2023-12-29 15:32:59,973: INFO/MainProcess] Task update_pnl[98cafeab-83d4-4fdc-83e3-800f8c5dcb36] received
[2023-12-29 15:33:00,067: INFO/ForkPoolWorker-1] Task update_pnl[98cafeab-83d4-4fdc-83e3-800f8c5dcb36] succeeded in 0.09321677699995234s: None
[2023-12-29 15:33:08,792: INFO/ForkPoolWorker-128] Task get_position[e56bc942-91a2-4fba-9a34-0e599d4fe9f6] succeeded in 8.818628585999932s: None
[2023-12-29 15:33:59,968: INFO/MainProcess] Task get_position[01f1278b-542d-45a9-b3d3-78ea7c995c75] received
[2023-12-29 15:33:59,971: INFO/MainProcess] Task update_pnl[de5e678e-73a0-4439-9753-8fea24829d17] received
[2023-12-29 15:34:00,067: INFO/ForkPoolWorker-1] Task update_pnl[de5e678e-73a0-4439-9753-8fea24829d17] succeeded in 0.09634174199982226s: None
[2023-12-29 15:34:08,267: INFO/ForkPoolWorker-128] Task get_position[01f1278b-542d-45a9-b3d3-78ea7c995c75] succeeded in 8.296348622000096s: None
[2023-12-29 15:34:37,279: INFO/MainProcess] Task get_balance[970fa73e-a228-4061-a2c5-f2349d899e3e] received
[2023-12-29 15:34:41,999: INFO/ForkPoolWorker-128] Task get_balance[970fa73e-a228-4061-a2c5-f2349d899e3e] succeeded in 4.716066806000072s: None
[2023-12-29 15:34:59,968: INFO/MainProcess] Task get_position[c7e52439-4e7c-4e18-80e3-10eedb884390] received
[2023-12-29 15:34:59,972: INFO/MainProcess] Task update_pnl[5b41ccda-151c-4b71-8320-8798f4fb654a] received
[2023-12-29 15:35:00,050: INFO/ForkPoolWorker-1] Task update_pnl[5b41ccda-151c-4b71-8320-8798f4fb654a] succeeded in 0.077607831000023s: None
[2023-12-29 15:35:08,770: INFO/ForkPoolWorker-128] Task get_position[c7e52439-4e7c-4e18-80e3-10eedb884390] succeeded in 8.797852853999984s: None
[2023-12-29 15:35:59,969: INFO/MainProcess] Task get_position[4c8f27aa-a568-4be8-889a-1f894c74ae33] received
[2023-12-29 15:35:59,973: INFO/MainProcess] Task update_pnl[71d51576-b596-46ea-b4bb-43706c7decba] received
[2023-12-29 15:36:00,050: INFO/ForkPoolWorker-1] Task update_pnl[71d51576-b596-46ea-b4bb-43706c7decba] succeeded in 0.07657263700002659s: None
[2023-12-29 15:36:08,130: INFO/ForkPoolWorker-128] Task get_position[4c8f27aa-a568-4be8-889a-1f894c74ae33] succeeded in 8.156310866000013s: None
[2023-12-29 15:36:59,969: INFO/MainProcess] Task get_position[10c97d18-edb0-4f64-9d79-097df79848b2] received
[2023-12-29 15:36:59,973: INFO/MainProcess] Task update_pnl[1020a06f-8502-47c2-af0f-e98fcf231759] received
[2023-12-29 15:37:00,069: INFO/ForkPoolWorker-1] Task update_pnl[1020a06f-8502-47c2-af0f-e98fcf231759] succeeded in 0.09569728799988297s: None
[2023-12-29 15:37:12,339: INFO/ForkPoolWorker-128] Task get_position[10c97d18-edb0-4f64-9d79-097df79848b2] succeeded in 12.36625595999999s: None
[2023-12-29 15:37:59,967: INFO/MainProcess] Task get_position[31f051d8-5ab8-4db4-9e4f-408a37f7fa07] received
[2023-12-29 15:37:59,972: INFO/MainProcess] Task update_pnl[b9abe7a1-12af-4e12-957c-3d274ed5a907] received
[2023-12-29 15:38:00,053: INFO/ForkPoolWorker-1] Task update_pnl[b9abe7a1-12af-4e12-957c-3d274ed5a907] succeeded in 0.07917549500007226s: None
[2023-12-29 15:38:08,991: INFO/ForkPoolWorker-128] Task get_position[31f051d8-5ab8-4db4-9e4f-408a37f7fa07] succeeded in 9.021761316000038s: None
[2023-12-29 15:38:59,967: INFO/MainProcess] Task get_position[aed3058c-734c-45fb-a522-6236b43b5226] received
[2023-12-29 15:38:59,972: INFO/MainProcess] Task update_pnl[460c0aca-9347-4668-846f-053a11dba00e] received
[2023-12-29 15:39:00,051: INFO/ForkPoolWorker-1] Task update_pnl[460c0aca-9347-4668-846f-053a11dba00e] succeeded in 0.07667376599988529s: None
[2023-12-29 15:39:09,192: INFO/ForkPoolWorker-128] Task get_position[aed3058c-734c-45fb-a522-6236b43b5226] succeeded in 9.22303427199995s: None
[2023-12-29 15:39:37,278: INFO/MainProcess] Task get_balance[9094a278-8a23-4d29-80d4-83abbdbbc462] received
[2023-12-29 15:39:41,778: INFO/ForkPoolWorker-128] Task get_balance[9094a278-8a23-4d29-80d4-83abbdbbc462] succeeded in 4.496575554999936s: None
[2023-12-29 15:39:59,969: INFO/MainProcess] Task get_position[44696a0a-8221-4b51-914a-910eccb4a748] received
[2023-12-29 15:39:59,973: INFO/MainProcess] Task update_pnl[962d28b9-3e08-47f5-ad73-ead75724968e] received
[2023-12-29 15:40:00,048: INFO/ForkPoolWorker-1] Task update_pnl[962d28b9-3e08-47f5-ad73-ead75724968e] succeeded in 0.0749002790000759s: None
[2023-12-29 15:40:08,219: INFO/ForkPoolWorker-128] Task get_position[44696a0a-8221-4b51-914a-910eccb4a748] succeeded in 8.245642213999872s: None
[2023-12-29 15:40:59,975: INFO/MainProcess] Task get_position[d44ea559-3a5b-451a-be13-097c9f90f7f0] received
[2023-12-29 15:40:59,979: INFO/MainProcess] Task update_pnl[483911e4-e6e4-449d-98b3-05a1faf32dec] received
[2023-12-29 15:41:00,073: INFO/ForkPoolWorker-1] Task update_pnl[483911e4-e6e4-449d-98b3-05a1faf32dec] succeeded in 0.09370963399987886s: None
[2023-12-29 15:41:08,077: INFO/ForkPoolWorker-128] Task get_position[d44ea559-3a5b-451a-be13-097c9f90f7f0] succeeded in 8.094352924000077s: None
[2023-12-29 15:41:59,983: INFO/MainProcess] Task get_position[ffd95208-2178-45bc-9d67-340e7ab15e95] received
[2023-12-29 15:41:59,987: INFO/MainProcess] Task update_pnl[28d25ba2-a5f4-48c4-b66a-514f556ef9b3] received
[2023-12-29 15:42:00,081: INFO/ForkPoolWorker-1] Task update_pnl[28d25ba2-a5f4-48c4-b66a-514f556ef9b3] succeeded in 0.0937498929999947s: None
[2023-12-29 15:42:07,787: INFO/ForkPoolWorker-128] Task get_position[ffd95208-2178-45bc-9d67-340e7ab15e95] succeeded in 7.799197159999949s: None
[2023-12-29 15:42:59,983: INFO/MainProcess] Task get_position[909bc7be-208d-4d44-bf94-64746b7a3d5d] received
[2023-12-29 15:42:59,987: INFO/MainProcess] Task update_pnl[0c64dc7b-956d-4803-8717-64ccf6bd50ae] received
[2023-12-29 15:43:00,081: INFO/ForkPoolWorker-1] Task update_pnl[0c64dc7b-956d-4803-8717-64ccf6bd50ae] succeeded in 0.09366153599989957s: None
[2023-12-29 15:43:07,590: INFO/ForkPoolWorker-128] Task get_position[909bc7be-208d-4d44-bf94-64746b7a3d5d] succeeded in 7.602066800999864s: None
[2023-12-29 15:43:59,983: INFO/MainProcess] Task get_position[d810cd61-7851-4ce9-a10f-b19cb04b80ee] received
[2023-12-29 15:43:59,987: INFO/MainProcess] Task update_pnl[dfd814fe-1086-466f-b460-663e25255716] received
[2023-12-29 15:44:00,082: INFO/ForkPoolWorker-1] Task update_pnl[dfd814fe-1086-466f-b460-663e25255716] succeeded in 0.09461293499998646s: None
[2023-12-29 15:44:08,082: INFO/ForkPoolWorker-128] Task get_position[d810cd61-7851-4ce9-a10f-b19cb04b80ee] succeeded in 8.094273203999819s: None
[2023-12-29 15:44:37,283: INFO/MainProcess] Task get_balance[89123a5c-0c59-4bdf-8f2e-633561b5d15e] received
[2023-12-29 15:44:41,761: INFO/ForkPoolWorker-128] Task get_balance[89123a5c-0c59-4bdf-8f2e-633561b5d15e] succeeded in 4.475010847000021s: None
[2023-12-29 15:44:59,983: INFO/MainProcess] Task get_position[4baaea52-cd97-43c6-8d33-a58d17e20327] received
[2023-12-29 15:44:59,987: INFO/MainProcess] Task update_pnl[a50a270e-3655-48da-a11b-4a252ed88ef4] received
[2023-12-29 15:45:00,082: INFO/ForkPoolWorker-1] Task update_pnl[a50a270e-3655-48da-a11b-4a252ed88ef4] succeeded in 0.09482721500012303s: None
[2023-12-29 15:45:08,362: INFO/ForkPoolWorker-128] Task get_position[4baaea52-cd97-43c6-8d33-a58d17e20327] succeeded in 8.37400622600012s: None
[2023-12-29 15:45:59,984: INFO/MainProcess] Task get_position[61c79339-b3cb-4892-8221-6897fba68bb4] received
[2023-12-29 15:45:59,988: INFO/MainProcess] Task update_pnl[1437273b-a78d-4871-97b2-291c942fa304] received
[2023-12-29 15:46:00,083: INFO/ForkPoolWorker-1] Task update_pnl[1437273b-a78d-4871-97b2-291c942fa304] succeeded in 0.0944334630000867s: None
[2023-12-29 15:46:08,050: INFO/ForkPoolWorker-128] Task get_position[61c79339-b3cb-4892-8221-6897fba68bb4] succeeded in 8.061313315999996s: None
[2023-12-29 15:46:59,985: INFO/MainProcess] Task get_position[008425e5-bd78-42b6-b143-64937708568c] received
[2023-12-29 15:46:59,989: INFO/MainProcess] Task update_pnl[8ed71b89-eaab-4a76-98ab-50884da55675] received
[2023-12-29 15:47:00,084: INFO/ForkPoolWorker-1] Task update_pnl[8ed71b89-eaab-4a76-98ab-50884da55675] succeeded in 0.09432275000017398s: None
[2023-12-29 15:47:07,762: INFO/ForkPoolWorker-128] Task get_position[008425e5-bd78-42b6-b143-64937708568c] succeeded in 7.773235511999928s: None
[2023-12-29 15:47:59,985: INFO/MainProcess] Task get_position[2d7870ce-2788-48e9-ac83-e7351c11ca9a] received
[2023-12-29 15:47:59,989: INFO/MainProcess] Task update_pnl[620d7c4b-1408-4954-b779-8c1dc6d1781e] received
[2023-12-29 15:48:00,084: INFO/ForkPoolWorker-1] Task update_pnl[620d7c4b-1408-4954-b779-8c1dc6d1781e] succeeded in 0.0948738439999488s: None
[2023-12-29 15:48:07,805: INFO/ForkPoolWorker-128] Task get_position[2d7870ce-2788-48e9-ac83-e7351c11ca9a] succeeded in 7.8157530510000015s: None
[2023-12-29 15:48:59,985: INFO/MainProcess] Task get_position[a0a350d2-f3d0-4759-9fee-4be67076786b] received
[2023-12-29 15:48:59,989: INFO/MainProcess] Task update_pnl[8b108f39-17ca-402a-bef1-5125b65442d1] received
[2023-12-29 15:49:00,083: INFO/ForkPoolWorker-1] Task update_pnl[8b108f39-17ca-402a-bef1-5125b65442d1] succeeded in 0.09401284299974577s: None
[2023-12-29 15:49:09,639: INFO/ForkPoolWorker-128] Task get_position[a0a350d2-f3d0-4759-9fee-4be67076786b] succeeded in 9.650111402999755s: None
[2023-12-29 15:49:37,284: INFO/MainProcess] Task get_balance[437e1729-bf1b-4cee-8441-7a35db21f79c] received
[2023-12-29 15:49:41,895: INFO/ForkPoolWorker-128] Task get_balance[437e1729-bf1b-4cee-8441-7a35db21f79c] succeeded in 4.607543401999919s: None
[2023-12-29 15:49:59,985: INFO/MainProcess] Task get_position[fccca686-18fb-42b7-b1cf-fae4b7a0f424] received
[2023-12-29 15:49:59,989: INFO/MainProcess] Task update_pnl[3a36222a-19da-4448-874e-4235f49f5e55] received
[2023-12-29 15:50:00,084: INFO/ForkPoolWorker-1] Task update_pnl[3a36222a-19da-4448-874e-4235f49f5e55] succeeded in 0.09392990800006373s: None
[2023-12-29 15:50:08,388: INFO/ForkPoolWorker-128] Task get_position[fccca686-18fb-42b7-b1cf-fae4b7a0f424] succeeded in 8.39789480699983s: None
[2023-12-29 15:50:59,985: INFO/MainProcess] Task get_position[1b626985-0f36-4511-a7d6-39be421e5f0c] received
[2023-12-29 15:50:59,987: INFO/MainProcess] Task update_pnl[3ba22c42-9117-431a-8c2d-3c29146eb9e3] received
[2023-12-29 15:51:00,084: INFO/ForkPoolWorker-1] Task update_pnl[3ba22c42-9117-431a-8c2d-3c29146eb9e3] succeeded in 0.09601737399998456s: None
[2023-12-29 15:51:08,134: INFO/ForkPoolWorker-128] Task get_position[1b626985-0f36-4511-a7d6-39be421e5f0c] succeeded in 8.146373561000019s: None
[2023-12-29 15:51:59,986: INFO/MainProcess] Task get_position[972fa7f0-ff7c-4ee1-9177-f8d9326a98c9] received
[2023-12-29 15:51:59,991: INFO/MainProcess] Task update_pnl[c26c567d-0d3d-48ae-9915-4509dccc4bc2] received
[2023-12-29 15:52:00,084: INFO/ForkPoolWorker-1] Task update_pnl[c26c567d-0d3d-48ae-9915-4509dccc4bc2] succeeded in 0.09299411600022722s: None
[2023-12-29 15:52:08,485: INFO/ForkPoolWorker-128] Task get_position[972fa7f0-ff7c-4ee1-9177-f8d9326a98c9] succeeded in 8.493369297999834s: None
[2023-12-29 15:52:59,987: INFO/MainProcess] Task get_position[76ee989e-02f0-4d12-9616-53d730355e28] received
[2023-12-29 15:52:59,991: INFO/MainProcess] Task update_pnl[cc747c60-8afd-4ea0-8622-acc47a0a0c0c] received
[2023-12-29 15:53:00,085: INFO/ForkPoolWorker-1] Task update_pnl[cc747c60-8afd-4ea0-8622-acc47a0a0c0c] succeeded in 0.09381880199998704s: None
[2023-12-29 15:53:08,753: INFO/ForkPoolWorker-128] Task get_position[76ee989e-02f0-4d12-9616-53d730355e28] succeeded in 8.76189347699983s: None
[2023-12-29 15:53:59,986: INFO/MainProcess] Task get_position[5f7e4912-e6d7-4846-93aa-862410814560] received
[2023-12-29 15:53:59,990: INFO/MainProcess] Task update_pnl[218331bf-0afd-40c4-8f6f-756539b684e1] received
[2023-12-29 15:54:00,085: INFO/ForkPoolWorker-1] Task update_pnl[218331bf-0afd-40c4-8f6f-756539b684e1] succeeded in 0.0936984609998035s: None
[2023-12-29 15:54:08,201: INFO/ForkPoolWorker-128] Task get_position[5f7e4912-e6d7-4846-93aa-862410814560] succeeded in 8.210459624000123s: None
[2023-12-29 15:54:37,286: INFO/MainProcess] Task get_balance[7fcf0eb0-f67a-4dd8-8dc4-08f8ea9697fe] received
[2023-12-29 15:54:42,148: INFO/ForkPoolWorker-128] Task get_balance[7fcf0eb0-f67a-4dd8-8dc4-08f8ea9697fe] succeeded in 4.8588201529996695s: None
[2023-12-29 15:54:59,986: INFO/MainProcess] Task get_position[0b61a1fa-e652-4a58-84b8-3743c3c899d1] received
[2023-12-29 15:54:59,990: INFO/MainProcess] Task update_pnl[9caf402c-803e-4fc7-a5fc-244a0e090bca] received
[2023-12-29 15:55:00,085: INFO/ForkPoolWorker-1] Task update_pnl[9caf402c-803e-4fc7-a5fc-244a0e090bca] succeeded in 0.09421146600016073s: None
[2023-12-29 15:55:07,753: INFO/ForkPoolWorker-128] Task get_position[0b61a1fa-e652-4a58-84b8-3743c3c899d1] succeeded in 7.76230747999989s: None
[2023-12-29 15:55:59,987: INFO/MainProcess] Task get_position[bffc1907-6830-4d34-9011-5e71586ea508] received
[2023-12-29 15:55:59,991: INFO/MainProcess] Task update_pnl[beec72fe-3a08-4ecd-9487-0068058d659b] received
[2023-12-29 15:56:00,085: INFO/ForkPoolWorker-1] Task update_pnl[beec72fe-3a08-4ecd-9487-0068058d659b] succeeded in 0.09376210099981108s: None
[2023-12-29 15:56:08,036: INFO/ForkPoolWorker-128] Task get_position[bffc1907-6830-4d34-9011-5e71586ea508] succeeded in 8.043846879999819s: None
[2023-12-29 15:56:59,988: INFO/MainProcess] Task get_position[08d2f69d-262d-4e28-acd4-b731bd665e03] received
[2023-12-29 15:56:59,992: INFO/MainProcess] Task update_pnl[0fb9fa9d-910c-4ed3-b25a-9a91fb1d8f3d] received
[2023-12-29 15:57:00,086: INFO/ForkPoolWorker-1] Task update_pnl[0fb9fa9d-910c-4ed3-b25a-9a91fb1d8f3d] succeeded in 0.09346010000035676s: None
[2023-12-29 15:57:13,308: INFO/ForkPoolWorker-128] Task get_position[08d2f69d-262d-4e28-acd4-b731bd665e03] succeeded in 13.30004886200004s: None
[2023-12-29 15:58:00,020: INFO/MainProcess] Task get_position[568c1240-ca9c-460c-9b5e-a5554991d935] received
[2023-12-29 15:58:00,024: INFO/MainProcess] Task update_pnl[4258ae1e-ca93-44be-a040-8f4e801789f6] received
[2023-12-29 15:58:00,119: INFO/ForkPoolWorker-1] Task update_pnl[4258ae1e-ca93-44be-a040-8f4e801789f6] succeeded in 0.094075390999933s: None
[2023-12-29 15:58:07,890: INFO/ForkPoolWorker-128] Task get_position[568c1240-ca9c-460c-9b5e-a5554991d935] succeeded in 7.8642495220001365s: None
[2023-12-29 15:59:00,022: INFO/MainProcess] Task get_position[0f0d4950-dde0-41f4-91b4-0ee85d267a26] received
[2023-12-29 15:59:00,026: INFO/MainProcess] Task update_pnl[a8a84b5d-6142-4dcd-9d3d-571a6fb182c4] received
[2023-12-29 15:59:00,121: INFO/ForkPoolWorker-1] Task update_pnl[a8a84b5d-6142-4dcd-9d3d-571a6fb182c4] succeeded in 0.09428803899982086s: None
[2023-12-29 15:59:09,421: INFO/ForkPoolWorker-128] Task get_position[0f0d4950-dde0-41f4-91b4-0ee85d267a26] succeeded in 9.393838265999875s: None
[2023-12-29 15:59:37,278: INFO/MainProcess] Task get_balance[207c5df9-7b12-45c6-8428-2574aae3340b] received
[2023-12-29 15:59:42,471: INFO/ForkPoolWorker-128] Task get_balance[207c5df9-7b12-45c6-8428-2574aae3340b] succeeded in 5.190372943000057s: None
[2023-12-29 16:00:00,023: INFO/MainProcess] Task get_position[dd04a590-c349-42b4-ba05-4c12d59b55d1] received
[2023-12-29 16:00:00,027: INFO/MainProcess] Task update_pnl[8f65f3bf-768e-4892-8bce-1812647443f5] received
[2023-12-29 16:00:00,122: INFO/ForkPoolWorker-1] Task update_pnl[8f65f3bf-768e-4892-8bce-1812647443f5] succeeded in 0.09440340699984517s: None
[2023-12-29 16:00:07,732: INFO/ForkPoolWorker-128] Task get_position[dd04a590-c349-42b4-ba05-4c12d59b55d1] succeeded in 7.704035864000161s: None
[2023-12-29 16:01:00,022: INFO/MainProcess] Task get_position[3b394aef-b82e-4c9f-8eba-b646ecad083a] received
[2023-12-29 16:01:00,025: INFO/MainProcess] Task update_pnl[1159cf13-3c17-4f01-b52d-0511aa49227d] received
[2023-12-29 16:01:00,105: INFO/ForkPoolWorker-1] Task update_pnl[1159cf13-3c17-4f01-b52d-0511aa49227d] succeeded in 0.07912767199968584s: None
[2023-12-29 16:01:07,801: INFO/ForkPoolWorker-128] Task get_position[3b394aef-b82e-4c9f-8eba-b646ecad083a] succeeded in 7.775361314999827s: None
[2023-12-29 16:02:00,006: INFO/MainProcess] Task get_position[fb0dec27-f377-4435-a6a2-cc82b0cffe98] received
[2023-12-29 16:02:00,025: INFO/MainProcess] Task update_pnl[a0de36ea-aef2-4016-bb7b-83e7297741da] received
[2023-12-29 16:02:00,101: INFO/ForkPoolWorker-1] Task update_pnl[a0de36ea-aef2-4016-bb7b-83e7297741da] succeeded in 0.07565305200023431s: None
[2023-12-29 16:02:08,900: INFO/ForkPoolWorker-128] Task get_position[fb0dec27-f377-4435-a6a2-cc82b0cffe98] succeeded in 8.874253255999974s: None
[2023-12-29 16:03:00,006: INFO/MainProcess] Task get_position[3db03fab-e908-496f-a461-62605ba0e0a1] received
[2023-12-29 16:03:00,025: INFO/MainProcess] Task update_pnl[b79731a8-24b8-43c2-b476-6f32e3a601a4] received
[2023-12-29 16:03:00,106: INFO/ForkPoolWorker-1] Task update_pnl[b79731a8-24b8-43c2-b476-6f32e3a601a4] succeeded in 0.0807640849998279s: None
[2023-12-29 16:03:08,875: INFO/ForkPoolWorker-128] Task get_position[3db03fab-e908-496f-a461-62605ba0e0a1] succeeded in 8.849982855000235s: None
[2023-12-29 16:04:00,024: INFO/MainProcess] Task get_position[5e7a473c-7df4-42d9-9b27-b773219d6859] received
[2023-12-29 16:04:00,027: INFO/MainProcess] Task update_pnl[24c5c304-c7a3-40de-a1fa-b1e97c99d270] received
[2023-12-29 16:04:00,104: INFO/ForkPoolWorker-1] Task update_pnl[24c5c304-c7a3-40de-a1fa-b1e97c99d270] succeeded in 0.0764230959998713s: None
[2023-12-29 16:04:08,129: INFO/ForkPoolWorker-128] Task get_position[5e7a473c-7df4-42d9-9b27-b773219d6859] succeeded in 8.101163812000323s: None
[2023-12-29 16:04:37,279: INFO/MainProcess] Task get_balance[0f260e76-d13b-4608-8a1d-953d23140375] received
[2023-12-29 16:04:42,854: INFO/ForkPoolWorker-128] Task get_balance[0f260e76-d13b-4608-8a1d-953d23140375] succeeded in 5.572123107999687s: None
[2023-12-29 16:05:00,006: INFO/MainProcess] Task get_position[c8d7059e-c071-4ed2-b1d5-449c842d7526] received
[2023-12-29 16:05:00,026: INFO/MainProcess] Task update_pnl[2b5fe03f-d349-42cd-8148-ba1ca3f9ec49] received
[2023-12-29 16:05:00,105: INFO/ForkPoolWorker-1] Task update_pnl[2b5fe03f-d349-42cd-8148-ba1ca3f9ec49] succeeded in 0.07721244699996532s: None
[2023-12-29 16:05:08,278: INFO/ForkPoolWorker-128] Task get_position[c8d7059e-c071-4ed2-b1d5-449c842d7526] succeeded in 8.268959768999594s: None
[2023-12-29 16:06:00,006: INFO/MainProcess] Task get_position[42089b96-af10-4337-9f55-db07ac6530fa] received
[2023-12-29 16:06:00,027: INFO/MainProcess] Task update_pnl[fcab6b8a-cc1b-4872-9f13-00c8a57f4782] received
[2023-12-29 16:06:00,107: INFO/ForkPoolWorker-1] Task update_pnl[fcab6b8a-cc1b-4872-9f13-00c8a57f4782] succeeded in 0.07842387599976064s: None
[2023-12-29 16:06:08,276: INFO/ForkPoolWorker-128] Task get_position[42089b96-af10-4337-9f55-db07ac6530fa] succeeded in 8.266740991000006s: None
[2023-12-29 16:07:00,007: INFO/MainProcess] Task get_position[2f4d9326-fe1b-468e-8a4f-e2aedc7c9d52] received
[2023-12-29 16:07:00,028: INFO/MainProcess] Task update_pnl[1fa42dc9-08a1-40e3-8058-10856e5727b9] received
[2023-12-29 16:07:00,136: INFO/ForkPoolWorker-1] Task update_pnl[1fa42dc9-08a1-40e3-8058-10856e5727b9] succeeded in 0.10482974500018827s: None
[2023-12-29 16:07:08,197: INFO/ForkPoolWorker-128] Task get_position[2f4d9326-fe1b-468e-8a4f-e2aedc7c9d52] succeeded in 8.185907400999895s: None
[2023-12-29 16:08:00,007: INFO/MainProcess] Task get_position[bad94b35-938e-4f79-82fe-8ba51119ef74] received
[2023-12-29 16:08:00,027: INFO/MainProcess] Task update_pnl[bde5a5b8-e770-417d-861f-35ef7b93eb34] received
[2023-12-29 16:08:00,108: INFO/ForkPoolWorker-1] Task update_pnl[bde5a5b8-e770-417d-861f-35ef7b93eb34] succeeded in 0.07790678800029127s: None
[2023-12-29 16:08:07,426: INFO/ForkPoolWorker-128] Task get_position[bad94b35-938e-4f79-82fe-8ba51119ef74] succeeded in 7.416783566000049s: None
[2023-12-29 16:09:00,007: INFO/MainProcess] Task get_position[10aae4ae-6879-43fd-89dd-90f4342f110b] received
[2023-12-29 16:09:00,028: INFO/MainProcess] Task update_pnl[b62e4780-c96e-492f-9a9d-ca5b9324071a] received
[2023-12-29 16:09:00,109: INFO/ForkPoolWorker-1] Task update_pnl[b62e4780-c96e-492f-9a9d-ca5b9324071a] succeeded in 0.0784525650001342s: None
[2023-12-29 16:09:08,881: INFO/ForkPoolWorker-128] Task get_position[10aae4ae-6879-43fd-89dd-90f4342f110b] succeeded in 8.871176644000116s: None
[2023-12-29 16:09:37,278: INFO/MainProcess] Task get_balance[830319ba-bb0b-40b2-bb2c-d4f54f393200] received
[2023-12-29 16:09:41,895: INFO/ForkPoolWorker-128] Task get_balance[830319ba-bb0b-40b2-bb2c-d4f54f393200] succeeded in 4.61495591899984s: None
[2023-12-29 16:10:00,006: INFO/MainProcess] Task get_position[ee9ea18c-7d3e-449b-b4b4-b446196689e2] received
[2023-12-29 16:10:00,029: INFO/MainProcess] Task update_pnl[d03eb39c-c5db-49bc-8dc3-951585c6e62c] received
[2023-12-29 16:10:00,109: INFO/ForkPoolWorker-1] Task update_pnl[d03eb39c-c5db-49bc-8dc3-951585c6e62c] succeeded in 0.0781162480002422s: None
[2023-12-29 16:10:08,078: INFO/ForkPoolWorker-128] Task get_position[ee9ea18c-7d3e-449b-b4b4-b446196689e2] succeeded in 8.068784162000156s: None
[2023-12-29 16:11:00,006: INFO/MainProcess] Task get_position[cadf9c78-b8ca-429b-b9e0-a7bd38bf636f] received
[2023-12-29 16:11:00,030: INFO/MainProcess] Task update_pnl[30587ed9-6242-476d-863b-0aeaaeaac610] received
[2023-12-29 16:11:00,128: INFO/ForkPoolWorker-1] Task update_pnl[30587ed9-6242-476d-863b-0aeaaeaac610] succeeded in 0.09552701300026456s: None
[2023-12-29 16:11:08,536: INFO/ForkPoolWorker-128] Task get_position[cadf9c78-b8ca-429b-b9e0-a7bd38bf636f] succeeded in 8.527217315000144s: None
[2023-12-29 16:12:00,007: INFO/MainProcess] Task get_position[c0ce391f-dd0b-4602-9945-d4fe1aed6f57] received
[2023-12-29 16:12:00,031: INFO/MainProcess] Task update_pnl[d318bffa-03ae-4ab7-ba3d-1054ae48e607] received
[2023-12-29 16:12:00,130: INFO/ForkPoolWorker-1] Task update_pnl[d318bffa-03ae-4ab7-ba3d-1054ae48e607] succeeded in 0.09595722999983991s: None
[2023-12-29 16:12:08,362: INFO/ForkPoolWorker-128] Task get_position[c0ce391f-dd0b-4602-9945-d4fe1aed6f57] succeeded in 8.3414050209999s: None
[2023-12-29 16:13:00,044: INFO/MainProcess] Task get_position[dabf17cb-76d6-4c8f-aa7e-d8a31b331756] received
[2023-12-29 16:13:00,047: INFO/MainProcess] Task update_pnl[244b14f7-3d10-4dbd-93a8-0daf518b404a] received
[2023-12-29 16:13:00,120: INFO/ForkPoolWorker-1] Task update_pnl[244b14f7-3d10-4dbd-93a8-0daf518b404a] succeeded in 0.07273655400013013s: None
[2023-12-29 16:13:09,285: INFO/ForkPoolWorker-128] Task get_position[dabf17cb-76d6-4c8f-aa7e-d8a31b331756] succeeded in 9.23746159700022s: None
[2023-12-29 16:14:00,045: INFO/MainProcess] Task get_position[2d42eea5-cf48-457a-8da7-d441ee9bef3a] received
[2023-12-29 16:14:00,048: INFO/MainProcess] Task update_pnl[756f465e-2dc2-46c6-a592-649e9a213198] received
[2023-12-29 16:14:00,121: INFO/ForkPoolWorker-1] Task update_pnl[756f465e-2dc2-46c6-a592-649e9a213198] succeeded in 0.07238423499984492s: None
[2023-12-29 16:14:08,680: INFO/ForkPoolWorker-128] Task get_position[2d42eea5-cf48-457a-8da7-d441ee9bef3a] succeeded in 8.63084322900022s: None
[2023-12-29 16:14:37,279: INFO/MainProcess] Task get_balance[9f99ebee-70ae-4493-8b0d-76b033d4bb3a] received
[2023-12-29 16:14:41,547: INFO/ForkPoolWorker-128] Task get_balance[9f99ebee-70ae-4493-8b0d-76b033d4bb3a] succeeded in 4.2654417560002s: None
[2023-12-29 16:15:00,044: INFO/MainProcess] Task get_position[2fce068f-7c0a-4a31-9f21-d48683c4cbd5] received
[2023-12-29 16:15:00,047: INFO/MainProcess] Task update_pnl[395c6ca7-3783-40f6-90c6-cf6ae4ac32e4] received
[2023-12-29 16:15:00,125: INFO/ForkPoolWorker-1] Task update_pnl[395c6ca7-3783-40f6-90c6-cf6ae4ac32e4] succeeded in 0.07795582200014906s: None
[2023-12-29 16:15:08,100: INFO/ForkPoolWorker-128] Task get_position[2fce068f-7c0a-4a31-9f21-d48683c4cbd5] succeeded in 8.052527942999859s: None
[2023-12-29 16:16:00,044: INFO/MainProcess] Task get_position[b5a55dd1-d77b-4469-bdc5-28e4c616845e] received
[2023-12-29 16:16:00,048: INFO/MainProcess] Task update_pnl[dd9370a5-d711-4ebb-b39b-3fca906a7c75] received
[2023-12-29 16:16:00,124: INFO/ForkPoolWorker-1] Task update_pnl[dd9370a5-d711-4ebb-b39b-3fca906a7c75] succeeded in 0.07575402700013001s: None
[2023-12-29 16:16:08,231: INFO/ForkPoolWorker-128] Task get_position[b5a55dd1-d77b-4469-bdc5-28e4c616845e] succeeded in 8.182461983999929s: None
[2023-12-29 16:17:00,045: INFO/MainProcess] Task get_position[1de8b203-1064-4a42-b3a6-132892a0ef55] received
[2023-12-29 16:17:00,048: INFO/MainProcess] Task update_pnl[6f00ae11-babc-49a6-8a73-03c19b82cebd] received
[2023-12-29 16:17:00,124: INFO/ForkPoolWorker-1] Task update_pnl[6f00ae11-babc-49a6-8a73-03c19b82cebd] succeeded in 0.07536856399974567s: None
[2023-12-29 16:17:14,825: INFO/ForkPoolWorker-128] Task get_position[1de8b203-1064-4a42-b3a6-132892a0ef55] succeeded in 14.776414394999847s: None
[2023-12-29 16:18:00,044: INFO/MainProcess] Task get_position[3aff70a5-0c68-4daa-8da2-07d96cd14fb3] received
[2023-12-29 16:18:00,047: INFO/MainProcess] Task update_pnl[f7bf4142-12da-4bbc-bb97-b823c6428df9] received
[2023-12-29 16:18:00,125: INFO/ForkPoolWorker-1] Task update_pnl[f7bf4142-12da-4bbc-bb97-b823c6428df9] succeeded in 0.07783762999997634s: None
[2023-12-29 16:18:08,076: INFO/ForkPoolWorker-128] Task get_position[3aff70a5-0c68-4daa-8da2-07d96cd14fb3] succeeded in 8.028748652000104s: None
[2023-12-29 16:19:00,044: INFO/MainProcess] Task get_position[1b123c2c-3146-462b-8115-237a15cb78d6] received
[2023-12-29 16:19:00,047: INFO/MainProcess] Task update_pnl[ae0bff09-fb9c-4d11-985e-6cc8ca10a905] received
[2023-12-29 16:19:00,126: INFO/ForkPoolWorker-1] Task update_pnl[ae0bff09-fb9c-4d11-985e-6cc8ca10a905] succeeded in 0.07819918600034725s: None
[2023-12-29 16:19:10,077: INFO/ForkPoolWorker-128] Task get_position[1b123c2c-3146-462b-8115-237a15cb78d6] succeeded in 10.028712271000131s: None
[2023-12-29 16:19:37,278: INFO/MainProcess] Task get_balance[90757484-8951-4e23-b187-3e1b0d91272a] received
[2023-12-29 16:19:41,685: INFO/ForkPoolWorker-128] Task get_balance[90757484-8951-4e23-b187-3e1b0d91272a] succeeded in 4.404259183999784s: None
[2023-12-29 16:20:00,044: INFO/MainProcess] Task get_position[c4b68a28-fe22-45ab-9e6c-373d0cb4130b] received
[2023-12-29 16:20:00,047: INFO/MainProcess] Task update_pnl[ca3f360e-faa8-479a-852f-9d640936133b] received
[2023-12-29 16:20:00,128: INFO/ForkPoolWorker-1] Task update_pnl[ca3f360e-faa8-479a-852f-9d640936133b] succeeded in 0.08058100200014451s: None
[2023-12-29 16:20:07,878: INFO/ForkPoolWorker-128] Task get_position[c4b68a28-fe22-45ab-9e6c-373d0cb4130b] succeeded in 7.829829034999875s: None
[2023-12-29 16:21:00,045: INFO/MainProcess] Task get_position[b5a538e2-1b91-47b0-b5d0-1e714b0f5c75] received
[2023-12-29 16:21:00,047: INFO/MainProcess] Task update_pnl[e9489427-9022-4bf5-ba6f-c4c93b9e10e1] received
[2023-12-29 16:21:00,129: INFO/ForkPoolWorker-1] Task update_pnl[e9489427-9022-4bf5-ba6f-c4c93b9e10e1] succeeded in 0.08104925699990417s: None
[2023-12-29 16:21:08,179: INFO/ForkPoolWorker-128] Task get_position[b5a538e2-1b91-47b0-b5d0-1e714b0f5c75] succeeded in 8.131230288000097s: None
[2023-12-29 16:22:00,045: INFO/MainProcess] Task get_position[c77b114e-adcc-47bb-b545-b05ec9b0b462] received
[2023-12-29 16:22:00,047: INFO/MainProcess] Task update_pnl[1f4270b6-4a09-4e54-8c83-2954338f7120] received
[2023-12-29 16:22:00,129: INFO/ForkPoolWorker-1] Task update_pnl[1f4270b6-4a09-4e54-8c83-2954338f7120] succeeded in 0.08091287300021577s: None
[2023-12-29 16:22:11,629: INFO/ForkPoolWorker-128] Task get_position[c77b114e-adcc-47bb-b545-b05ec9b0b462] succeeded in 11.581084257999919s: None
[2023-12-29 16:23:00,045: INFO/MainProcess] Task get_position[0948453a-0aaa-457a-acaa-19e7bfeacc42] received
[2023-12-29 16:23:00,049: INFO/MainProcess] Task update_pnl[9e62540f-eddc-474f-a693-0e6f707fbb9f] received
[2023-12-29 16:23:00,130: INFO/ForkPoolWorker-1] Task update_pnl[9e62540f-eddc-474f-a693-0e6f707fbb9f] succeeded in 0.08034368700009509s: None
[2023-12-29 16:23:07,944: INFO/ForkPoolWorker-128] Task get_position[0948453a-0aaa-457a-acaa-19e7bfeacc42] succeeded in 7.894106655000542s: None
[2023-12-29 16:24:00,045: INFO/MainProcess] Task get_position[a62dbf4e-b89a-4995-b896-6da72bfa2ed6] received
[2023-12-29 16:24:00,048: INFO/MainProcess] Task update_pnl[83962f89-601b-477e-ae6e-53843ed3632c] received
[2023-12-29 16:24:00,131: INFO/ForkPoolWorker-1] Task update_pnl[83962f89-601b-477e-ae6e-53843ed3632c] succeeded in 0.08242527699985658s: None
[2023-12-29 16:24:08,232: INFO/ForkPoolWorker-128] Task get_position[a62dbf4e-b89a-4995-b896-6da72bfa2ed6] succeeded in 8.18316421199961s: None
[2023-12-29 16:24:37,280: INFO/MainProcess] Task get_balance[7169b989-f7b4-42b0-985f-62eefa045b0c] received
[2023-12-29 16:24:44,353: INFO/ForkPoolWorker-128] Task get_balance[7169b989-f7b4-42b0-985f-62eefa045b0c] succeeded in 7.070163224999305s: None
[2023-12-29 16:25:00,044: INFO/MainProcess] Task get_position[2d8e51ba-7eb9-445f-baf7-a7fd9343cde3] received
[2023-12-29 16:25:00,047: INFO/MainProcess] Task update_pnl[7aa8bcc2-0a11-416c-b211-57261ef7398e] received
[2023-12-29 16:25:00,120: INFO/ForkPoolWorker-1] Task update_pnl[7aa8bcc2-0a11-416c-b211-57261ef7398e] succeeded in 0.07221491899963439s: None
[2023-12-29 16:25:08,199: INFO/ForkPoolWorker-128] Task get_position[2d8e51ba-7eb9-445f-baf7-a7fd9343cde3] succeeded in 8.151138682000237s: None
[2023-12-29 16:26:00,045: INFO/MainProcess] Task get_position[93e94af0-a5cc-4de4-ab45-1250d0c6a183] received
[2023-12-29 16:26:00,047: INFO/MainProcess] Task update_pnl[d916396f-c9b9-4aa9-8e7b-377705656e1f] received
[2023-12-29 16:26:00,129: INFO/ForkPoolWorker-1] Task update_pnl[d916396f-c9b9-4aa9-8e7b-377705656e1f] succeeded in 0.08134363799945277s: None
[2023-12-29 16:26:08,307: INFO/ForkPoolWorker-128] Task get_position[93e94af0-a5cc-4de4-ab45-1250d0c6a183] succeeded in 8.259386388999701s: None
[2023-12-29 16:27:00,045: INFO/MainProcess] Task get_position[19910aa2-b382-41be-b886-72b78ed4811e] received
[2023-12-29 16:27:00,047: INFO/MainProcess] Task update_pnl[a1f5cad1-dfe7-46b5-bfef-ea0b859c3d02] received
[2023-12-29 16:27:00,129: INFO/ForkPoolWorker-1] Task update_pnl[a1f5cad1-dfe7-46b5-bfef-ea0b859c3d02] succeeded in 0.08136542000011104s: None
[2023-12-29 16:27:08,812: INFO/ForkPoolWorker-128] Task get_position[19910aa2-b382-41be-b886-72b78ed4811e] succeeded in 8.763804561000143s: None
[2023-12-29 16:28:00,052: INFO/MainProcess] Task get_position[9e875ec9-55f7-454a-a821-4d09050c7acf] received
[2023-12-29 16:28:00,060: INFO/MainProcess] Task update_pnl[f48c199e-4b2e-4f2d-9305-5fd84bc8bd88] received
[2023-12-29 16:28:00,204: INFO/ForkPoolWorker-1] Task update_pnl[f48c199e-4b2e-4f2d-9305-5fd84bc8bd88] succeeded in 0.1430800989992349s: None
[2023-12-29 16:28:09,918: INFO/ForkPoolWorker-128] Task get_position[9e875ec9-55f7-454a-a821-4d09050c7acf] succeeded in 9.856753918000322s: None
[2023-12-29 16:29:00,045: INFO/MainProcess] Task get_position[eace87fb-8223-44fc-ae67-799caa858f4b] received
[2023-12-29 16:29:00,050: INFO/MainProcess] Task update_pnl[fca4626d-4114-4161-9628-776acf042460] received
[2023-12-29 16:29:00,133: INFO/ForkPoolWorker-1] Task update_pnl[fca4626d-4114-4161-9628-776acf042460] succeeded in 0.08113769999999931s: None
[2023-12-29 16:29:09,038: INFO/ForkPoolWorker-128] Task get_position[eace87fb-8223-44fc-ae67-799caa858f4b] succeeded in 8.991048722000414s: None
[2023-12-29 16:29:37,278: INFO/MainProcess] Task get_balance[f3408bb3-8f70-46fa-b628-5171e419f5fb] received
[2023-12-29 16:29:41,363: INFO/ForkPoolWorker-128] Task get_balance[f3408bb3-8f70-46fa-b628-5171e419f5fb] succeeded in 4.082410159000574s: None
[2023-12-29 16:30:00,045: INFO/MainProcess] Task get_position[01902f74-0fdf-43e9-8390-8e934cb927da] received
[2023-12-29 16:30:00,050: INFO/MainProcess] Task update_pnl[c6be367c-8dc0-4530-86d0-8e0bf8ae5e6a] received
[2023-12-29 16:30:00,151: INFO/ForkPoolWorker-1] Task update_pnl[c6be367c-8dc0-4530-86d0-8e0bf8ae5e6a] succeeded in 0.09737657599998784s: None
[2023-12-29 16:30:08,093: INFO/ForkPoolWorker-128] Task get_position[01902f74-0fdf-43e9-8390-8e934cb927da] succeeded in 8.045645876999515s: None
[2023-12-29 16:31:00,045: INFO/MainProcess] Task get_position[f6f4ec72-9ad9-41d3-b060-3106f8b8f1c5] received
[2023-12-29 16:31:00,050: INFO/MainProcess] Task update_pnl[054f7ed0-a5aa-4701-8e44-2b1be751ea37] received
[2023-12-29 16:31:00,126: INFO/ForkPoolWorker-1] Task update_pnl[054f7ed0-a5aa-4701-8e44-2b1be751ea37] succeeded in 0.0731569160006984s: None
[2023-12-29 16:31:08,154: INFO/ForkPoolWorker-128] Task get_position[f6f4ec72-9ad9-41d3-b060-3106f8b8f1c5] succeeded in 8.107145490999756s: None
[2023-12-29 16:32:00,045: INFO/MainProcess] Task get_position[1a060f31-bcda-4f64-9e08-4d49591384fe] received
[2023-12-29 16:32:00,050: INFO/MainProcess] Task update_pnl[a49456c8-625e-495b-86d9-6b532327617a] received
[2023-12-29 16:32:00,122: INFO/ForkPoolWorker-1] Task update_pnl[a49456c8-625e-495b-86d9-6b532327617a] succeeded in 0.07003498999984004s: None
[2023-12-29 16:32:08,989: INFO/ForkPoolWorker-128] Task get_position[1a060f31-bcda-4f64-9e08-4d49591384fe] succeeded in 8.94145546999971s: None
[2023-12-29 16:33:00,045: INFO/MainProcess] Task get_position[bfbf164d-b218-4ca0-88c1-383c30897453] received
[2023-12-29 16:33:00,049: INFO/MainProcess] Task update_pnl[4169cf7d-2d2f-495e-9d9f-5782a892ae21] received
[2023-12-29 16:33:00,122: INFO/ForkPoolWorker-1] Task update_pnl[4169cf7d-2d2f-495e-9d9f-5782a892ae21] succeeded in 0.07037914500051556s: None
[2023-12-29 16:33:08,297: INFO/ForkPoolWorker-128] Task get_position[bfbf164d-b218-4ca0-88c1-383c30897453] succeeded in 8.24997564900059s: None
[2023-12-29 16:34:00,045: INFO/MainProcess] Task get_position[81431858-a39a-4d70-bfc2-7b4a4d34f831] received
[2023-12-29 16:34:00,050: INFO/MainProcess] Task update_pnl[1ccba6ce-fbd3-42fa-86fb-20736e862639] received
[2023-12-29 16:34:00,124: INFO/ForkPoolWorker-1] Task update_pnl[1ccba6ce-fbd3-42fa-86fb-20736e862639] succeeded in 0.07223753399921407s: None
[2023-12-29 16:34:07,755: INFO/ForkPoolWorker-128] Task get_position[81431858-a39a-4d70-bfc2-7b4a4d34f831] succeeded in 7.707998218999819s: None
[2023-12-29 16:34:37,278: INFO/MainProcess] Task get_balance[e9d5729e-5a92-4565-a11e-08cd3138d486] received
[2023-12-29 16:34:42,836: INFO/ForkPoolWorker-128] Task get_balance[e9d5729e-5a92-4565-a11e-08cd3138d486] succeeded in 5.554776232000222s: None
[2023-12-29 16:35:00,045: INFO/MainProcess] Task get_position[28415505-00cc-4d96-b04e-2008167db857] received
[2023-12-29 16:35:00,050: INFO/MainProcess] Task update_pnl[9397889f-b10c-4be1-9263-4b011c4964c8] received
[2023-12-29 16:35:00,124: INFO/ForkPoolWorker-1] Task update_pnl[9397889f-b10c-4be1-9263-4b011c4964c8] succeeded in 0.0722910470003626s: None
[2023-12-29 16:35:08,306: INFO/ForkPoolWorker-128] Task get_position[28415505-00cc-4d96-b04e-2008167db857] succeeded in 8.259119075999479s: None
[2023-12-29 16:36:00,045: INFO/MainProcess] Task get_position[46428e66-e2e7-4374-87a7-65f1e78b1929] received
[2023-12-29 16:36:00,049: INFO/MainProcess] Task update_pnl[b61f2a3f-4ecc-41ba-9b9b-1b9a8c258a2d] received
[2023-12-29 16:36:00,125: INFO/ForkPoolWorker-1] Task update_pnl[b61f2a3f-4ecc-41ba-9b9b-1b9a8c258a2d] succeeded in 0.07353307399989717s: None
[2023-12-29 16:36:08,092: INFO/ForkPoolWorker-128] Task get_position[46428e66-e2e7-4374-87a7-65f1e78b1929] succeeded in 8.044786882000153s: None
[2023-12-29 16:37:00,045: INFO/MainProcess] Task get_position[f889ab9a-4f73-48f8-ba7c-c302cf58431c] received
[2023-12-29 16:37:00,050: INFO/MainProcess] Task update_pnl[4c5aa0cc-01b3-4790-9a57-85d4a58cde17] received
[2023-12-29 16:37:00,131: INFO/ForkPoolWorker-1] Task update_pnl[4c5aa0cc-01b3-4790-9a57-85d4a58cde17] succeeded in 0.07907361799971113s: None
[2023-12-29 16:37:08,064: INFO/ForkPoolWorker-128] Task get_position[f889ab9a-4f73-48f8-ba7c-c302cf58431c] succeeded in 8.016087998999865s: None
[2023-12-29 16:38:00,045: INFO/MainProcess] Task get_position[81d71c4e-cc80-4965-afe6-8c6cd912e140] received
[2023-12-29 16:38:00,050: INFO/MainProcess] Task update_pnl[f7a1df5b-ae73-44ee-9f62-ef55fb083a03] received
[2023-12-29 16:38:00,129: INFO/ForkPoolWorker-1] Task update_pnl[f7a1df5b-ae73-44ee-9f62-ef55fb083a03] succeeded in 0.07662831199922948s: None
[2023-12-29 16:38:08,232: INFO/ForkPoolWorker-128] Task get_position[81d71c4e-cc80-4965-afe6-8c6cd912e140] succeeded in 8.184382039000411s: None
[2023-12-29 16:39:00,045: INFO/MainProcess] Task get_position[cdd62dde-26f8-4a10-87d8-bd31069a3d13] received
[2023-12-29 16:39:00,050: INFO/MainProcess] Task update_pnl[16b1fee2-2ee1-4671-8f4b-9578d6e3c157] received
[2023-12-29 16:39:00,121: INFO/ForkPoolWorker-1] Task update_pnl[16b1fee2-2ee1-4671-8f4b-9578d6e3c157] succeeded in 0.06909434600038367s: None
[2023-12-29 16:39:09,246: INFO/ForkPoolWorker-128] Task get_position[cdd62dde-26f8-4a10-87d8-bd31069a3d13] succeeded in 9.19841126099982s: None
[2023-12-29 16:39:37,279: INFO/MainProcess] Task get_balance[2f43dc60-b0fe-46c0-82a7-78c55c50a4c0] received
[2023-12-29 16:39:41,324: INFO/ForkPoolWorker-128] Task get_balance[2f43dc60-b0fe-46c0-82a7-78c55c50a4c0] succeeded in 4.042323487999965s: None
[2023-12-29 16:40:00,045: INFO/MainProcess] Task get_position[f354c09c-e4bd-48a9-8c6a-a25126f95382] received
[2023-12-29 16:40:00,050: INFO/MainProcess] Task update_pnl[6d01b2fe-4c56-4054-bc1d-52ae3e36fcbb] received
[2023-12-29 16:40:00,153: INFO/ForkPoolWorker-1] Task update_pnl[6d01b2fe-4c56-4054-bc1d-52ae3e36fcbb] succeeded in 0.10020049900049344s: None
[2023-12-29 16:40:07,241: INFO/ForkPoolWorker-128] Task get_position[f354c09c-e4bd-48a9-8c6a-a25126f95382] succeeded in 7.193887720999555s: None
[2023-12-29 16:41:00,045: INFO/MainProcess] Task get_position[89e11f20-fc2b-46ef-acf5-19f6e850baae] received
[2023-12-29 16:41:00,050: INFO/MainProcess] Task update_pnl[bd7b23fc-4049-4f3e-b6c2-c2a430c02a94] received
