[2023-12-29 16:41:00,124: INFO/ForkPoolWorker-1] Task update_pnl[bd7b23fc-4049-4f3e-b6c2-c2a430c02a94] succeeded in 0.07178686499992182s: None
[2023-12-29 16:41:07,643: INFO/ForkPoolWorker-128] Task get_position[89e11f20-fc2b-46ef-acf5-19f6e850baae] succeeded in 7.5954626270004155s: None
[2023-12-29 16:42:00,045: INFO/MainProcess] Task get_position[7baca595-1997-4e0e-9044-7128ae645bf7] received
[2023-12-29 16:42:00,050: INFO/MainProcess] Task update_pnl[079ad776-acfd-4898-9599-b4ca570c08bd] received
[2023-12-29 16:42:00,123: INFO/ForkPoolWorker-1] Task update_pnl[079ad776-acfd-4898-9599-b4ca570c08bd] succeeded in 0.0705093480000869s: None
[2023-12-29 16:42:07,963: INFO/ForkPoolWorker-128] Task get_position[7baca595-1997-4e0e-9044-7128ae645bf7] succeeded in 7.915698935000364s: None
[2023-12-29 16:43:00,045: INFO/MainProcess] Task get_position[78a0d2b8-f306-45c1-a07a-81d1f912aeed] received
[2023-12-29 16:43:00,050: INFO/MainProcess] Task update_pnl[6c0647b2-d6ec-4554-b88a-45a647bbe231] received
[2023-12-29 16:43:00,124: INFO/ForkPoolWorker-1] Task update_pnl[6c0647b2-d6ec-4554-b88a-45a647bbe231] succeeded in 0.07128808800007391s: None
[2023-12-29 16:43:07,923: INFO/ForkPoolWorker-128] Task get_position[78a0d2b8-f306-45c1-a07a-81d1f912aeed] succeeded in 7.875723443999959s: None
[2023-12-29 16:44:00,045: INFO/MainProcess] Task get_position[b4086ac3-cd36-4a07-b3bb-11e4551e66bf] received
[2023-12-29 16:44:00,050: INFO/MainProcess] Task update_pnl[37f2ab57-7e87-4f72-9436-bb96c44a0a9d] received
[2023-12-29 16:44:00,126: INFO/ForkPoolWorker-1] Task update_pnl[37f2ab57-7e87-4f72-9436-bb96c44a0a9d] succeeded in 0.0739630970001599s: None
[2023-12-29 16:44:08,097: INFO/ForkPoolWorker-128] Task get_position[b4086ac3-cd36-4a07-b3bb-11e4551e66bf] succeeded in 8.04984523299936s: None
[2023-12-29 16:44:37,278: INFO/MainProcess] Task get_balance[a3d55ea9-83f0-4de9-bfea-358de6a77fd3] received
[2023-12-29 16:44:42,072: INFO/ForkPoolWorker-128] Task get_balance[a3d55ea9-83f0-4de9-bfea-358de6a77fd3] succeeded in 4.791710417000104s: None
[2023-12-29 16:45:00,045: INFO/MainProcess] Task get_position[d070d6ce-55a9-4f40-ae21-7b267071a69f] received
[2023-12-29 16:45:00,051: INFO/MainProcess] Task update_pnl[7ef80e32-8ddc-47f9-bad9-2f7d250b2564] received
[2023-12-29 16:45:00,127: INFO/ForkPoolWorker-1] Task update_pnl[7ef80e32-8ddc-47f9-bad9-2f7d250b2564] succeeded in 0.0736780009992799s: None
[2023-12-29 16:45:08,549: INFO/ForkPoolWorker-128] Task get_position[d070d6ce-55a9-4f40-ae21-7b267071a69f] succeeded in 8.500581811000302s: None
[2023-12-29 16:46:00,046: INFO/MainProcess] Task get_position[5ba3d34a-2c7d-4be0-a329-69d641a53bd9] received
[2023-12-29 16:46:00,051: INFO/MainProcess] Task update_pnl[456b7c1f-17db-453a-bdda-bd3ed49aaced] received
[2023-12-29 16:46:00,124: INFO/ForkPoolWorker-1] Task update_pnl[456b7c1f-17db-453a-bdda-bd3ed49aaced] succeeded in 0.07075734099998954s: None
[2023-12-29 16:46:23,253: INFO/ForkPoolWorker-128] Task get_position[5ba3d34a-2c7d-4be0-a329-69d641a53bd9] succeeded in 23.20394483600012s: None
[2023-12-29 16:47:00,045: INFO/MainProcess] Task get_position[017520c9-6ab7-48a6-bb99-b5c1ab005afe] received
[2023-12-29 16:47:00,050: INFO/MainProcess] Task update_pnl[92184ce5-0223-4a06-8ef1-a135f014d273] received
[2023-12-29 16:47:00,128: INFO/ForkPoolWorker-1] Task update_pnl[92184ce5-0223-4a06-8ef1-a135f014d273] succeeded in 0.07572617899950274s: None
[2023-12-29 16:47:07,889: INFO/ForkPoolWorker-128] Task get_position[017520c9-6ab7-48a6-bb99-b5c1ab005afe] succeeded in 7.841061494999849s: None
[2023-12-29 16:48:00,046: INFO/MainProcess] Task get_position[a0bb83d4-3bf5-4187-9102-cc6b3ba32e7a] received
[2023-12-29 16:48:00,051: INFO/MainProcess] Task update_pnl[2689ed59-1706-4655-92d9-da8ab1fc8c52] received
[2023-12-29 16:48:00,125: INFO/ForkPoolWorker-1] Task update_pnl[2689ed59-1706-4655-92d9-da8ab1fc8c52] succeeded in 0.07216756400066515s: None
[2023-12-29 16:48:07,871: INFO/ForkPoolWorker-128] Task get_position[a0bb83d4-3bf5-4187-9102-cc6b3ba32e7a] succeeded in 7.822518023999692s: None
[2023-12-29 16:49:00,045: INFO/MainProcess] Task get_position[20829288-9836-4b4b-8d6d-39c039d4477f] received
[2023-12-29 16:49:00,051: INFO/MainProcess] Task update_pnl[0783e80d-5a48-4748-9f1f-9f0df033e451] received
[2023-12-29 16:49:00,126: INFO/ForkPoolWorker-1] Task update_pnl[0783e80d-5a48-4748-9f1f-9f0df033e451] succeeded in 0.07284800900015398s: None
[2023-12-29 16:49:08,762: INFO/ForkPoolWorker-128] Task get_position[20829288-9836-4b4b-8d6d-39c039d4477f] succeeded in 8.714067656000225s: None
[2023-12-29 16:49:37,279: INFO/MainProcess] Task get_balance[c6c38702-2ce1-4d82-8a8e-ee82e76f87b0] received
[2023-12-29 16:49:41,881: INFO/ForkPoolWorker-128] Task get_balance[c6c38702-2ce1-4d82-8a8e-ee82e76f87b0] succeeded in 4.600230641000053s: None
[2023-12-29 16:50:00,045: INFO/MainProcess] Task get_position[9e18ce00-8cc9-4b30-a9f6-14002dfde29e] received
[2023-12-29 16:50:00,050: INFO/MainProcess] Task update_pnl[4551679a-99a1-42aa-8c04-4a4839bb682d] received
[2023-12-29 16:50:00,124: INFO/ForkPoolWorker-1] Task update_pnl[4551679a-99a1-42aa-8c04-4a4839bb682d] succeeded in 0.07152536200010218s: None
[2023-12-29 16:50:08,319: INFO/ForkPoolWorker-128] Task get_position[9e18ce00-8cc9-4b30-a9f6-14002dfde29e] succeeded in 8.271094167000228s: None
[2023-12-29 16:51:00,045: INFO/MainProcess] Task get_position[cd675743-0b1f-4486-b74f-cbc3df6e7618] received
[2023-12-29 16:51:00,050: INFO/MainProcess] Task update_pnl[d845aa91-e876-4b43-9ddc-0d4337526ede] received
[2023-12-29 16:51:00,122: INFO/ForkPoolWorker-1] Task update_pnl[d845aa91-e876-4b43-9ddc-0d4337526ede] succeeded in 0.06965823900009127s: None
[2023-12-29 16:51:08,418: INFO/ForkPoolWorker-128] Task get_position[cd675743-0b1f-4486-b74f-cbc3df6e7618] succeeded in 8.37045558600039s: None
[2023-12-29 16:52:00,047: INFO/MainProcess] Task get_position[be96f2d5-f96f-4ea5-8dff-fdbe4bba37f9] received
[2023-12-29 16:52:00,050: INFO/MainProcess] Task update_pnl[f763557e-871b-40d6-9202-774bac448619] received
[2023-12-29 16:52:00,126: INFO/ForkPoolWorker-1] Task update_pnl[f763557e-871b-40d6-9202-774bac448619] succeeded in 0.07513791099972877s: None
[2023-12-29 16:52:07,736: INFO/ForkPoolWorker-128] Task get_position[be96f2d5-f96f-4ea5-8dff-fdbe4bba37f9] succeeded in 7.684488228999726s: None
[2023-12-29 16:53:00,046: INFO/MainProcess] Task get_position[9dc1349d-a0d8-400d-bf63-772a5da8794c] received
[2023-12-29 16:53:00,050: INFO/MainProcess] Task update_pnl[47b2bdc7-aaf7-4651-b05f-21b398aa17a3] received
[2023-12-29 16:53:00,124: INFO/ForkPoolWorker-1] Task update_pnl[47b2bdc7-aaf7-4651-b05f-21b398aa17a3] succeeded in 0.07148832000075345s: None
[2023-12-29 16:53:07,955: INFO/ForkPoolWorker-128] Task get_position[9dc1349d-a0d8-400d-bf63-772a5da8794c] succeeded in 7.9065977669997665s: None
[2023-12-29 16:54:00,046: INFO/MainProcess] Task get_position[29c55f58-d636-429d-b4db-e89f158808fe] received
[2023-12-29 16:54:00,051: INFO/MainProcess] Task update_pnl[a3d38235-b116-42a6-ad91-bb0aa95b9906] received
[2023-12-29 16:54:00,123: INFO/ForkPoolWorker-1] Task update_pnl[a3d38235-b116-42a6-ad91-bb0aa95b9906] succeeded in 0.0694191780003166s: None
[2023-12-29 16:54:08,238: INFO/ForkPoolWorker-128] Task get_position[29c55f58-d636-429d-b4db-e89f158808fe] succeeded in 8.189122322999538s: None
[2023-12-29 16:54:37,278: INFO/MainProcess] Task get_balance[8ef9cbd3-360b-4222-815c-09e89cffcff9] received
[2023-12-29 16:54:41,262: INFO/ForkPoolWorker-128] Task get_balance[8ef9cbd3-360b-4222-815c-09e89cffcff9] succeeded in 3.9807720640001207s: None
[2023-12-29 16:55:00,046: INFO/MainProcess] Task get_position[ce805898-f34f-4b38-bf12-fea5289ee343] received
[2023-12-29 16:55:00,050: INFO/MainProcess] Task update_pnl[e37592fa-0c18-43f3-af9e-cc09c7a59263] received
[2023-12-29 16:55:00,124: INFO/ForkPoolWorker-1] Task update_pnl[e37592fa-0c18-43f3-af9e-cc09c7a59263] succeeded in 0.0718728479996571s: None
[2023-12-29 16:55:07,511: INFO/ForkPoolWorker-128] Task get_position[ce805898-f34f-4b38-bf12-fea5289ee343] succeeded in 7.463113509999857s: None
[2023-12-29 16:56:00,046: INFO/MainProcess] Task get_position[d223fa6e-0183-45fe-9450-73b1c6497118] received
[2023-12-29 16:56:00,052: INFO/MainProcess] Task update_pnl[a6b57391-9c8e-43ea-a40d-6a36520a220e] received
[2023-12-29 16:56:00,131: INFO/ForkPoolWorker-1] Task update_pnl[a6b57391-9c8e-43ea-a40d-6a36520a220e] succeeded in 0.07737151800029096s: None
[2023-12-29 16:56:08,557: INFO/ForkPoolWorker-128] Task get_position[d223fa6e-0183-45fe-9450-73b1c6497118] succeeded in 8.507977961000506s: None
[2023-12-29 16:57:00,046: INFO/MainProcess] Task get_position[eea310f7-3e44-4414-b037-2b2ffc9c058e] received
[2023-12-29 16:57:00,051: INFO/MainProcess] Task update_pnl[18fc7883-2f29-41b9-ac73-dbc3da10976a] received
[2023-12-29 16:57:00,125: INFO/ForkPoolWorker-1] Task update_pnl[18fc7883-2f29-41b9-ac73-dbc3da10976a] succeeded in 0.07208926100065582s: None
[2023-12-29 16:57:08,665: INFO/ForkPoolWorker-128] Task get_position[eea310f7-3e44-4414-b037-2b2ffc9c058e] succeeded in 8.616170389000217s: None
[2023-12-29 16:58:00,047: INFO/MainProcess] Task get_position[b0efb670-edde-4387-ab60-d8f332a22f54] received
[2023-12-29 16:58:00,050: INFO/MainProcess] Task update_pnl[61676dc8-10c3-46c3-a67c-fc49b38aaf11] received
[2023-12-29 16:58:00,129: INFO/ForkPoolWorker-1] Task update_pnl[61676dc8-10c3-46c3-a67c-fc49b38aaf11] succeeded in 0.07780178199936927s: None
[2023-12-29 16:58:09,232: INFO/ForkPoolWorker-128] Task get_position[b0efb670-edde-4387-ab60-d8f332a22f54] succeeded in 9.181266175000019s: None
[2023-12-29 16:59:00,056: INFO/MainProcess] Task get_position[2ea5524b-d39a-4a4c-b7f3-019ba2dda4c3] received
[2023-12-29 16:59:00,059: INFO/MainProcess] Task update_pnl[e6d993c1-5ec7-4245-9558-ec80d8a8b5ee] received
[2023-12-29 16:59:00,136: INFO/ForkPoolWorker-1] Task update_pnl[e6d993c1-5ec7-4245-9558-ec80d8a8b5ee] succeeded in 0.07587287499973172s: None
[2023-12-29 16:59:08,210: INFO/ForkPoolWorker-128] Task get_position[2ea5524b-d39a-4a4c-b7f3-019ba2dda4c3] succeeded in 8.149821873999826s: None
[2023-12-29 16:59:37,279: INFO/MainProcess] Task get_balance[fc6b1516-081c-4bbf-a6b5-3861f9b6dc9f] received
[2023-12-29 16:59:41,274: INFO/ForkPoolWorker-128] Task get_balance[fc6b1516-081c-4bbf-a6b5-3861f9b6dc9f] succeeded in 3.993477172999519s: None
[2023-12-29 17:00:00,056: INFO/MainProcess] Task get_position[bd2a02cd-50b1-44b7-b2e2-dc73b72230ea] received
[2023-12-29 17:00:00,059: INFO/MainProcess] Task update_pnl[7e464330-c1ca-4e1e-839c-bedb7a30366a] received
[2023-12-29 17:00:00,062: INFO/ForkPoolWorker-128] Task get_position[bd2a02cd-50b1-44b7-b2e2-dc73b72230ea] succeeded in 0.002413230999991356s: None
[2023-12-29 17:00:00,150: INFO/ForkPoolWorker-1] Task update_pnl[7e464330-c1ca-4e1e-839c-bedb7a30366a] succeeded in 0.09041778200025874s: None

worker: Warm shutdown (MainProcess)
